<html>
<body>
<pre>
<h1>µVision Build Log</h1>
<h2>Project:</h2>
N:\SE350\os.uvproj
Project File Date:  01/08/2015

<h2>Output:</h2>
Build target 'os'
assembling startup_LPC17xx.s...
linking...
os.axf: Warning: L6665W: Neither Lib$$Request$$armlib Lib$$Request$$cpplib defined, not searching ARM libraries.
os.axf: Error: L6411E: No compatible library exists with a definition of startup symbol __main.
Target not created
Build target 'os'
compiling uart_polling.c...
uart_polling.c(9): error:  #5: cannot open source input file "uart_polling.h": No such file or directory
compiling main.c...
main.c(2): error:  #5: cannot open source input file "uart_polling.h": No such file or directory
compiling system_LPC17xx.c...
assembling startup_LPC17xx.s...
Target not created
Build target 'os'
compiling uart_polling.c...
compiling main.c...
linking...
Program Size: Code=1132 RO-data=236 RW-data=4 ZI-data=612  
"os.axf" - 0 Error(s), 0 Warning(s).
Load "N:\\SE350\\os.AXF" 
Erase Done.
Programming Done.
Verify OK.
Build target 'os'
compiling main.c...
compiling uart_polling.c...
compiling system_LPC17xx.c...
assembling startup_LPC17xx.s...
linking...
Program Size: Code=1132 RO-data=236 RW-data=4 ZI-data=612  
"os.axf" - 0 Error(s), 0 Warning(s).
Load "N:\\SE350\\os.AXF" 
Erase Done.
Programming Done.
Verify OK.
Load "N:\\SE350\\os.AXF" 
Erase Done.
Programming Done.
Verify OK.
Build target 'os'
compiling main.c...
linking...
Program Size: Code=1132 RO-data=236 RW-data=4 ZI-data=612  
"os.axf" - 0 Error(s), 0 Warning(s).
Load "N:\\SE350\\os.AXF" 
Erase Done.
Programming Done.
Verify OK.
Build target 'os'
linking...
Program Size: Code=1132 RO-data=236 RW-data=4 ZI-data=612  
"os.axf" - 0 Error(s), 0 Warning(s).
Build target 'os'
compiling main.c...
linking...
Program Size: Code=1136 RO-data=236 RW-data=4 ZI-data=612  
"os.axf" - 0 Error(s), 0 Warning(s).
Load "N:\\SE350\\os.AXF" 
Erase Done.
Programming Done.
Verify OK.
Build target 'os'
compiling main.c...
linking...
Program Size: Code=1132 RO-data=236 RW-data=4 ZI-data=612  
"os.axf" - 0 Error(s), 0 Warning(s).
Load "N:\\SE350\\os.AXF" 
Erase Done.
Programming Done.
Verify OK.
Build target 'os'
linking...
Program Size: Code=1132 RO-data=236 RW-data=4 ZI-data=612  
"os.axf" - 0 Error(s), 0 Warning(s).
Load "N:\\SE350\\os.AXF" 
Erase Done.
Programming Done.
Verify OK.
Build target 'os'
compiling main.c...
src\main.c(15): error:  #20: identifier "NULL" is undefined
compiling rtx.c...
compiling printf.c...
Target not created
Build target 'os'
compiling main.c...
linking...
Program Size: Code=1920 RO-data=236 RW-data=12 ZI-data=612  
"os.axf" - 0 Error(s), 0 Warning(s).
Load "N:\\SE350\\os.AXF" 
Erase Done.
Programming Done.
Verify OK.
Build target 'os'
compiling main.c...
compiling rtx.c...
compiling mem.c...
src\mem\mem.h(15): warning:  #1-D: last line of file ends without a newline
src\mem\mem.c(5): error:  #20: identifier "Image$$RW_IRAM1$$ZI$$Limit" is undefined
src\mem\mem.c(6): warning:  #223-D: function "printf" declared implicitly
src\mem\mem.c(11): warning:  #223-D: function "printf" declared implicitly
src\mem\mem.c(13): warning:  #1-D: last line of file ends without a newline
Target not created
Build target 'os'
compiling main.c...
compiling rtx.c...
compiling printf.c...
compiling mem.c...
src\mem\mem.c(6): error:  #20: identifier "Image$$RW_IRAM1$$ZI$$Limit" is undefined
Target not created
Build target 'os'
compiling main.c...
compiling mem.c...
linking...
Program Size: Code=1920 RO-data=236 RW-data=12 ZI-data=612  
"os.axf" - 0 Error(s), 0 Warning(s).
Build target 'os'
compiling main.c...
compiling mem.c...
src\mem\mem.c(6): error:  #20: identifier "MemNode" is undefined
Target not created
Build target 'os'
compiling mem.c...
linking...
Program Size: Code=2068 RO-data=236 RW-data=12 ZI-data=612  
"os.axf" - 0 Error(s), 0 Warning(s).
Load "N:\\SE350\\os.AXF" 
Erase Done.
Programming Done.
Verify OK.
Build target 'os'
compiling main.c...
src\main.c(20): error:  #268: declaration may not appear after executable statement in block
Target not created
compiling main.c...
src\main.c - 0 Error(s), 0 Warning(s).
Build target 'os'
linking...
Program Size: Code=2124 RO-data=236 RW-data=12 ZI-data=612  
"os.axf" - 0 Error(s), 0 Warning(s).
Load "N:\\SE350\\os.AXF" 
Erase Done.
Programming Done.
Verify OK.
